
> popecoin_vesting@1.0.0 test:client
> node --require ts-node/register tests/run.ts

✔ Devnet binding preserves release IDL and derives checkpoint PDAs (2.490354ms)
✔ generated IDL encodes initialize with beneficiary signature and exact u64 (1.933986ms)
✔ generated IDL encodes deposit and release offline (0.523636ms)
✔ missing explicit Devnet signer fails before reading a default wallet (0.56288ms)
✔ deposit top-up handles donations and large exact amounts (0.204258ms)
✔ SPL layouts use the vendored pure-JS bigint converter with exact u64 values (2.425676ms)
✔ historical tools reject missing opt-in before reading any signer file (0.392626ms)
✔ historical network guard rejects retargeting and incorrect genesis (0.84159ms)
✔ reader verifies accounts from one slot and chain time (8.184572ms)
✔ reader rejects owner, discriminator, size, token mint and clock tampering (17.099744ms)
✔ reader reports underfunding and freezing without claiming release is executable (4.717848ms)
✔ client math covers cliff, end, rounding, backwards clock and u64 extremes (0.425299ms)
✔ reader rejects malformed classic SPL and unexpected vault powers (21.925107ms)
✔ reader rejects noncanonical mint flags from RPC (20.554873ms)
✔ app serves only public allowlisted assets with CSP (2.090063ms)
✔ app rejects writes and invalid roles before invoking RPC (0.803567ms)
✔ app maps RPC failures to controlled error without leaking internals (0.519006ms)
✔ app handles malformed request targets without rejecting its handler (2.192798ms)
✔ app limits concurrent RPC reads and recovers after errors (0.79431ms)
✔ offline plan reconciles supply, UTC dates and distinct vesting vaults (6.569178ms)
✔ production plan rejects pending parameters, implicit timezone and invalid calendar (7.72284ms)
✔ Devnet program reader validates loader linkage without claiming local correspondence (0.600592ms)
✔ Devnet program reader rejects malformed loader accounts (0.490683ms)
✔ release record rejects omitted, extra, misplaced and malformed hashes (7.273035ms)
✔ release record rejects newly added Rust source absent from manifest (0.563221ms)
✔ Anchor's patched TOML parses project configuration and rejects prototype pollution (5.113169ms)
✔ Jayson uses patched CommonJS UUIDs and rejects undersized output buffers (2.043404ms)
✔ Solana UTF-8 codecs have their declared peer and preserve non-ASCII metadata (1.607485ms)
✔ metadata reader validates public Devnet PDA and fields (7.439481ms)
✔ metadata reader rejects substituted owners, PDA, mint, discriminator and URI (10.534905ms)
✔ unsigned rehearsal instructions match Anchor account ordering and encoded ABI (10.197453ms)
✔ unsigned rehearsal rejects protected identities, ambiguous amounts and malicious schedules (5.183914ms)
✔ historical Devnet program is rejected even with a separate test mint (0.267409ms)
✔ protected identities and account collisions fail in every rehearsal role (16.591368ms)
✔ extended Devnet schedule requires explicit opt-in and preserves seven-day bound (5.796718ms)
✔ seven-day cycle reconciles pre-cliff, two partial claims and final dust (0.261296ms)
✔ rent estimate pins genesis, sums peak without refund and leaves fees unapproved (0.454013ms)
✔ invalid sizes fail before RPC and wrong genesis before rent queries (0.327062ms)
✔ malformed rent or changing genesis fails closed (0.328364ms)
✔ transport ignores global CLI/environment endpoints and prohibits mutations/redirects (17.114762ms)
✔ pins deployment, candidate and all protected roles without consulting CLI config (6.057174ms)
✔ serializes loader instructions with bounded fragments (0.376436ms)
✔ derived buffer is deterministic, bounded and separated from known roles (2.696846ms)
✔ buffer creation yields one unsigned atomic transaction, no hidden follow-up (13.087698ms)
✔ wrong genesis and an unexpected endpoint fail before account/build RPC work (1.436791ms)
✔ insufficient rent, unavailable fee and stale artifact pins fail closed (3.670237ms)
✔ one ELF fragment only, in-order, exact bytes and expected signers (10.66899ms)
✔ read-only buffer verification requires complete ELF and zero padding (3.558594ms)
✔ DeployWithMaxDataLen is a single unsigned message requiring payer, program and authority (4.689534ms)
✔ read-only Program and ProgramData verifier matches bytes and authority (5.141202ms)
✔ buffer state verifier rejects wrong owner, authority, tag, size and ELF prefix (0.730229ms)
✔ mint create is a single unsigned classic SPL tx with decimals, authority and no freeze authority (2.961679ms)
✔ authority ATA preparation is one unsigned idempotent instruction with exact payer/rent (2.391396ms)
✔ rejects protected roles, malformed amounts, wrong endpoint/genesis, or an existing mint (3.233156ms)
✔ existing ATA with wrong owner is rejected, never replaced with a create transaction (1.468611ms)
✔ mintTo and read verifiers reject until actual mint state is correct (3.604622ms)
✔ mintToChecked requires zero supply, correct mint authority/decimals and source ATA (6.078063ms)
✔ read-only mint and ATA verifiers report only matching classic SPL fixture state (3.551701ms)
✔ vested arithmetic handles cliff, linear partial vesting, end and integer rounding (0.162419ms)
✔ initialize prepares one transaction only after exact test supply/source and empty PDAs (20.288596ms)
✔ deposit requires exact remaining source, zero released and exact schedule (24.355507ms)
✔ pre-cliff transaction is withheld inside safety window and prepared only with long expiry margin (17.559088ms)
✔ partial and repeated releases require newly vested positive amounts (24.625841ms)
✔ Devnet/genesis/deployment mismatch fails before snapshots or candidate use (11.453441ms)
✔ final release and final reconciliation require exact balances, supply and released amount (17.437477ms)
✔ full local lifecycle covers pre-cliff, two partial releases, final reconciliation and duplicate final rejection (42.129422ms)
✔ durable URI accepts canonical supported identifiers and rejects malformed addresses (0.752841ms)
✔ production metadata bytes are deterministic and downloads require exact approved content (9.163289ms)
✔ ROBUSTO proposal separates token/base supply and preserves mutable metadata policy (0.628756ms)
✔ ROBUSTO publication fails closed on missing approval/hash or durable URI (2.168332ms)
✔ recycle prepares only full-supply return TransferChecked with two empty signatures (1.96718ms)
✔ recycle rejects changed balances, identities, network and unavailable funding (1.359705ms)
✔ metadata authority stays separate from mint and upgrade authority; pending is explicit (0.944435ms)
✔ ROBUSTO distribution requires independent exact percentage and base-unit totals (50.520473ms)
✔ production rejects role reuse, pending config, historical identities and accidental enabling (10.522301ms)
✔ unsigned production instructions encode exact supply, ATA, distribution and signed vesting ABI (30.096498ms)
✔ metadata creation/update preserve distinct authority, fungible standard and mutability (13.330299ms)
✔ Mainnet guard denies defaults before RPC; fees unknown fail closed (22.313635ms)
✔ initial reconciliation detects shortfall, beneficiary swaps and missing/duplicate entries (16.524932ms)
✔ program verification pins loader linkage, upgrade authority and exact ELF (5.111035ms)
✔ third rehearsal frozen schedule cannot be retimed by config (0.47334ms)
✔ offline deployment chunks reconstruct exact ELF and keep upgrade authority (8.348179ms)
✔ metadata publication adapter detects altered downloads and never selects a provider (5.154038ms)
✔ reader configuration preserves historical PAPA and denies unconfigured Mainnet (1.063471ms)
✔ official PNG preparation rejects truncation, damaged chunks and unapproved replacement (0.417454ms)
✔ future production snapshot verifies one-slot ownership, ABI, metadata, authorities and conservation (60.48325ms)
✔ future owner-approved name/URI update retains mutable account and update authority (8.205818ms)
✔ stage preflight blocks Mainnet by default before making any request (2.513187ms)
✔ public pinned rehearsal artifact survives a source-only restoration without private identities (1.35725ms)
ℹ tests 89
ℹ suites 0
ℹ pass 89
ℹ fail 0
ℹ cancelled 0
ℹ skipped 0
ℹ todo 0
ℹ duration_ms 2044.378196
