
> popecoin_vesting@1.0.0 test:client
> node --require ts-node/register tests/run.ts

✔ Devnet binding preserves release IDL and derives checkpoint PDAs (1.725928ms)
✔ generated IDL encodes initialize with beneficiary signature and exact u64 (1.781945ms)
✔ generated IDL encodes deposit and release offline (0.367308ms)
✔ missing explicit Devnet signer fails before reading a default wallet (0.523044ms)
✔ deposit top-up handles donations and large exact amounts (0.170414ms)
✔ SPL layouts use the vendored pure-JS bigint converter with exact u64 values (1.623363ms)
✔ historical tools reject missing opt-in before reading any signer file (0.262288ms)
✔ historical network guard rejects retargeting and incorrect genesis (0.729376ms)
✔ reader verifies accounts from one slot and chain time (5.680659ms)
✔ reader rejects owner, discriminator, size, token mint and clock tampering (9.558525ms)
✔ reader reports underfunding and freezing without claiming release is executable (3.239513ms)
✔ client math covers cliff, end, rounding, backwards clock and u64 extremes (0.25801ms)
✔ reader rejects malformed classic SPL and unexpected vault powers (16.109858ms)
✔ reader rejects noncanonical mint flags from RPC (15.583919ms)
✔ reader rejects noncanonical delegate, native and close-authority flags (15.941128ms)
✔ app serves only public allowlisted assets with CSP (1.403998ms)
✔ app rejects writes and invalid roles before invoking RPC (0.726501ms)
✔ app maps RPC failures to controlled error without leaking internals (0.479131ms)
✔ app handles malformed request targets without rejecting its handler (1.677469ms)
✔ app limits concurrent RPC reads and recovers after errors (0.661678ms)
✔ offline plan reconciles supply, UTC dates and distinct vesting vaults (4.232064ms)
✔ production plan rejects pending parameters, implicit timezone and invalid calendar (2.975786ms)
✔ Devnet program reader validates loader linkage without claiming local correspondence (0.451609ms)
✔ Devnet program reader rejects malformed loader accounts (0.369182ms)
✔ release record rejects omitted, extra, misplaced and malformed hashes (6.730624ms)
✔ release record rejects newly added Rust source absent from manifest (0.545437ms)
✔ Anchor's patched TOML parses project configuration and rejects prototype pollution (3.997038ms)
✔ Jayson uses patched CommonJS UUIDs and rejects undersized output buffers (1.646951ms)
✔ Solana UTF-8 codecs have their declared peer and preserve non-ASCII metadata (1.815752ms)
✔ Jayson streaming JSON creates own __proto__ properties, never injected prototypes (20.381964ms)
✔ direct Assembler reviver path is protected and ordinary numbers remain compatible (4.098822ms)
✔ locked Jayson resolves the exact reviewed assembler; JSONC feature is absent (3.6036ms)
✔ metadata reader validates public Devnet PDA and fields (6.48151ms)
✔ metadata reader rejects substituted owners, PDA, mint, discriminator and URI (8.428612ms)
✔ unsigned rehearsal instructions match Anchor account ordering and encoded ABI (8.412441ms)
✔ unsigned rehearsal rejects protected identities, ambiguous amounts and malicious schedules (4.117387ms)
✔ historical Devnet program is rejected even with a separate test mint (0.132232ms)
✔ protected identities and account collisions fail in every rehearsal role (13.966889ms)
✔ extended Devnet schedule requires explicit opt-in and preserves seven-day bound (5.748838ms)
✔ seven-day cycle reconciles pre-cliff, two partial claims and final dust (0.16834ms)
✔ rent estimate pins genesis, sums peak without refund and leaves fees unapproved (0.376245ms)
✔ invalid sizes fail before RPC and wrong genesis before rent queries (0.273169ms)
✔ malformed rent or changing genesis fails closed (0.295201ms)
✔ transport ignores global CLI/environment endpoints and prohibits mutations/redirects (15.609822ms)
✔ pins deployment, candidate and all protected roles without consulting CLI config (4.926905ms)
✔ serializes loader instructions with bounded fragments (0.318755ms)
✔ derived buffer is deterministic, bounded and separated from known roles (10.648384ms)
✔ buffer creation yields one unsigned atomic transaction, no hidden follow-up (11.359699ms)
✔ wrong genesis and an unexpected endpoint fail before account/build RPC work (1.308928ms)
✔ insufficient rent, unavailable fee and stale artifact pins fail closed (3.498462ms)
✔ one ELF fragment only, in-order, exact bytes and expected signers (7.008942ms)
✔ read-only buffer verification requires complete ELF and zero padding (1.945578ms)
✔ DeployWithMaxDataLen is a single unsigned message requiring payer, program and authority (3.322326ms)
✔ read-only Program and ProgramData verifier matches bytes and authority (3.343376ms)
✔ buffer state verifier rejects wrong owner, authority, tag, size and ELF prefix (0.446829ms)
✔ mint create is a single unsigned classic SPL tx with decimals, authority and no freeze authority (2.059174ms)
✔ authority ATA preparation is one unsigned idempotent instruction with exact payer/rent (1.826542ms)
✔ rejects protected roles, malformed amounts, wrong endpoint/genesis, or an existing mint (2.668101ms)
✔ existing ATA with wrong owner is rejected, never replaced with a create transaction (1.302867ms)
✔ mintTo and read verifiers reject until actual mint state is correct (3.247634ms)
✔ mintToChecked requires zero supply, correct mint authority/decimals and source ATA (4.649408ms)
✔ read-only mint and ATA verifiers report only matching classic SPL fixture state (3.299852ms)
✔ vested arithmetic handles cliff, linear partial vesting, end and integer rounding (0.137471ms)
✔ initialize prepares one transaction only after exact test supply/source and empty PDAs (15.127636ms)
✔ deposit requires exact remaining source, zero released and exact schedule (13.784863ms)
✔ pre-cliff transaction is withheld inside safety window and prepared only with long expiry margin (12.879423ms)
✔ partial and repeated releases require newly vested positive amounts (19.684648ms)
✔ Devnet/genesis/deployment mismatch fails before snapshots or candidate use (8.502723ms)
✔ final release and final reconciliation require exact balances, supply and released amount (14.713448ms)
✔ full local lifecycle covers pre-cliff, two partial releases, final reconciliation and duplicate final rejection (37.278171ms)
✔ durable URI accepts canonical supported identifiers and rejects malformed addresses (0.594861ms)
✔ production metadata bytes are deterministic and downloads require exact approved content (10.145987ms)
✔ ROBUSTO proposal separates token/base supply and preserves mutable metadata policy (0.395792ms)
✔ ROBUSTO publication fails closed on missing approval/hash or durable URI (2.264425ms)
✔ recycle prepares only full-supply return TransferChecked with two empty signatures (1.348213ms)
✔ recycle rejects changed balances, identities, network and unavailable funding (0.944265ms)
✔ metadata authority stays separate from mint and upgrade authority; pending is explicit (0.94669ms)
✔ ROBUSTO distribution requires independent exact percentage and base-unit totals (36.482809ms)
✔ production rejects role reuse, pending config, historical identities and accidental enabling (7.13877ms)
✔ unsigned production instructions encode exact supply, ATA, distribution and signed vesting ABI (18.622509ms)
✔ metadata creation/update preserve distinct authority, fungible standard and mutability (10.285031ms)
✔ Mainnet guard denies defaults before RPC; fees unknown fail closed (19.971002ms)
✔ initial reconciliation detects shortfall, beneficiary swaps and missing/duplicate entries (14.091006ms)
✔ program verification pins loader linkage, upgrade authority and exact ELF (3.118528ms)
✔ third rehearsal frozen schedule cannot be retimed by config (0.396664ms)
✔ offline deployment chunks reconstruct exact ELF and keep upgrade authority (11.714678ms)
✔ metadata publication adapter detects altered downloads and never selects a provider (4.529921ms)
✔ reader configuration preserves historical PAPA and denies unconfigured Mainnet (0.731821ms)
✔ official PNG preparation rejects truncation, damaged chunks and unapproved replacement (0.479661ms)
✔ PNG asset validator rejects invalid compressed pixels, filters, palette and critical chunks (5.190306ms)
✔ future production snapshot verifies one-slot ownership, ABI, metadata, authorities and conservation (90.391896ms)
✔ future owner-approved name/URI update retains mutable account and update authority (7.692793ms)
✔ production preflight binds amounts, destinations, signers and stage to canonical instructions (49.038316ms)
✔ stage preflight blocks Mainnet by default before making any request (2.241641ms)
✔ public pinned rehearsal artifact survives a source-only restoration without private identities (0.929477ms)
ℹ tests 95
ℹ suites 0
ℹ pass 95
ℹ fail 0
ℹ cancelled 0
ℹ skipped 0
ℹ todo 0
ℹ duration_ms 2065.530878
